// Jest Snapshot v1, https://goo.gl/fbAQLP

exports[`with no props 1`] = `
<DocumentFragment>
  <svg
    class="rl-rectangircle__circle"
    fill="#7ed6df"
    height="200"
    role="img"
    viewBox="0 0 100 100"
    width="200"
    xmlns="http://www.w3.org/2000/svg"
  >
    <title>
      Water planet
    </title>
    <desc>
      A blue circle
    </desc>
    <circle
      cx="50"
      cy="50"
      r="50"
    />
  </svg>
  <svg
    class="rl-rectangircle__rect"
    fill="#30336b"
    height="100"
    role="img"
    viewBox="0 0 400 100"
    width="400"
    xmlns="http://www.w3.org/2000/svg"
  >
    <title>
      Minimalist building
    </title>
    <desc>
      A rectangle that is 4 times taller than it is wide
    </desc>
    <rect
      height="100"
      width="400"
    />
  </svg>
</DocumentFragment>
`;
